#-----------------------------------------------------------
# Vivado v2023.2 (64-bit)
# SW Build 4029153 on Fri Oct 13 20:14:34 MDT 2023
# IP Build 4028589 on Sat Oct 14 00:45:43 MDT 2023
# SharedData Build 4025554 on Tue Oct 10 17:18:54 MDT 2023
# Start of session at: Fri Jan 16 21:59:30 2026
# Process ID: 30232
# Current directory: C:/Users/GURU PRANAV PR/Desktop/angle_eye-cnn_accelerator
# Command line: vivado.exe -gui_launcher_event rodinguilauncherevent30256 C:\Users\GURU PRANAV PR\Desktop\angle_eye-cnn_accelerator\angle_eye-cnn_accelerator.xpr
# Log file: C:/Users/GURU PRANAV PR/Desktop/angle_eye-cnn_accelerator/vivado.log
# Journal file: C:/Users/GURU PRANAV PR/Desktop/angle_eye-cnn_accelerator\vivado.jou
# Running On: gp, OS: Windows, CPU Frequency: 3194 MHz, CPU Physical cores: 16, Host memory: 16312 MB
#-----------------------------------------------------------
start_gui
open_project {C:/Users/GURU PRANAV PR/Desktop/angle_eye-cnn_accelerator/angle_eye-cnn_accelerator.xpr}
update_compile_order -fileset sources_1
reset_run synth_1
launch_runs synth_1 -jobs 16
wait_on_run synth_1
reset_run synth_1
launch_runs synth_1 -jobs 16
wait_on_run synth_1
close [ open {C:/Users/GURU PRANAV PR/Desktop/angle_eye-cnn_accelerator/rtl/core/relu.v} w ]
add_files {{C:/Users/GURU PRANAV PR/Desktop/angle_eye-cnn_accelerator/rtl/core/relu.v}}
update_compile_order -fileset sources_1
